[INFO] Scanning for projects...
[INFO] 
[INFO] ---------------< com.hospital:backendHospitalManagement >---------------
[INFO] Building  0.0.1-SNAPSHOT
[INFO]   from pom.xml
[INFO] --------------------------------[ jar ]---------------------------------
[INFO] 
[INFO] >>> spring-boot:4.0.5:run (default-cli) > test-compile @ backendHospitalManagement >>>
[INFO] 
[INFO] --- resources:3.3.1:resources (default-resources) @ backendHospitalManagement ---
[INFO] Copying 2 resources from src/main/resources to target/classes
[INFO] Copying 0 resource from src/main/resources to target/classes
[INFO] 
[INFO] --- compiler:3.14.1:compile (default-compile) @ backendHospitalManagement ---
[INFO] Nothing to compile - all classes are up to date.
[INFO] 
[INFO] --- resources:3.3.1:testResources (default-testResources) @ backendHospitalManagement ---
[INFO] skip non existing resourceDirectory /Users/jiweshkashyap/Downloads/HMS/backendHospitalManagement/src/test/resources
[INFO] 
[INFO] --- compiler:3.14.1:testCompile (default-testCompile) @ backendHospitalManagement ---
[INFO] Nothing to compile - all classes are up to date.
[INFO] 
[INFO] <<< spring-boot:4.0.5:run (default-cli) < test-compile @ backendHospitalManagement <<<
[INFO] 
[INFO] 
[INFO] --- spring-boot:4.0.5:run (default-cli) @ backendHospitalManagement ---
[INFO] Attaching agents: []

  .   ____          _            __ _ _
 /\\ / ___'_ __ _ _(_)_ __  __ _ \ \ \ \
( ( )\___ | '_ | '_| | '_ \/ _` | \ \ \ \
 \\/  ___)| |_)| | | | | || (_| |  ) ) ) )
  '  |____| .__|_| |_|_| |_\__, | / / / /
 =========|_|==============|___/=/_/_/_/

 :: Spring Boot ::                (v4.0.5)

2026-04-04T18:55:35.506+05:30  INFO 96791 --- [backendHospitalManagement] [           main] h.b.BackendHospitalManagementApplication : Starting BackendHospitalManagementApplication using Java 25.0.2 with PID 96791 (/Users/jiweshkashyap/Downloads/HMS/backendHospitalManagement/target/classes started by jiweshkashyap in /Users/jiweshkashyap/Downloads/HMS/backendHospitalManagement)
2026-04-04T18:55:35.507+05:30  INFO 96791 --- [backendHospitalManagement] [           main] h.b.BackendHospitalManagementApplication : No active profile set, falling back to 1 default profile: "default"
2026-04-04T18:55:35.794+05:30  INFO 96791 --- [backendHospitalManagement] [           main] .s.d.r.c.RepositoryConfigurationDelegate : Bootstrapping Spring Data JPA repositories in DEFAULT mode.
2026-04-04T18:55:35.815+05:30  INFO 96791 --- [backendHospitalManagement] [           main] .s.d.r.c.RepositoryConfigurationDelegate : Finished Spring Data repository scanning in 18 ms. Found 4 JPA repository interfaces.
2026-04-04T18:55:36.031+05:30  INFO 96791 --- [backendHospitalManagement] [           main] o.s.boot.tomcat.TomcatWebServer          : Tomcat initialized with port 8080 (http)
2026-04-04T18:55:36.038+05:30  INFO 96791 --- [backendHospitalManagement] [           main] o.apache.catalina.core.StandardService   : Starting service [Tomcat]
2026-04-04T18:55:36.038+05:30  INFO 96791 --- [backendHospitalManagement] [           main] o.apache.catalina.core.StandardEngine    : Starting Servlet engine: [Apache Tomcat/11.0.20]
2026-04-04T18:55:36.061+05:30  INFO 96791 --- [backendHospitalManagement] [           main] b.w.c.s.WebApplicationContextInitializer : Root WebApplicationContext: initialization completed in 531 ms
2026-04-04T18:55:36.139+05:30  INFO 96791 --- [backendHospitalManagement] [           main] org.hibernate.orm.jpa                    : HHH008540: Processing PersistenceUnitInfo [name: default]
2026-04-04T18:55:36.181+05:30  INFO 96791 --- [backendHospitalManagement] [           main] org.hibernate.orm.core                   : HHH000001: Hibernate ORM core version 7.2.7.Final
2026-04-04T18:55:36.374+05:30  INFO 96791 --- [backendHospitalManagement] [           main] o.s.o.j.p.SpringPersistenceUnitInfo      : No LoadTimeWeaver setup: ignoring JPA class transformer
2026-04-04T18:55:36.388+05:30  INFO 96791 --- [backendHospitalManagement] [           main] com.zaxxer.hikari.HikariDataSource       : HikariPool-1 - Starting...
2026-04-04T18:55:36.477+05:30  INFO 96791 --- [backendHospitalManagement] [           main] com.zaxxer.hikari.pool.HikariPool        : HikariPool-1 - Added connection conn0: url=jdbc:h2:mem:hms_db user=SA
2026-04-04T18:55:36.478+05:30  INFO 96791 --- [backendHospitalManagement] [           main] com.zaxxer.hikari.HikariDataSource       : HikariPool-1 - Start completed.
2026-04-04T18:55:36.507+05:30  INFO 96791 --- [backendHospitalManagement] [           main] org.hibernate.orm.connections.pooling    : HHH10001005: Database info:
	Database JDBC URL [jdbc:h2:mem:hms_db]
	Database driver: H2 JDBC Driver
	Database dialect: H2Dialect
	Database version: 2.4.240
	Default catalog/schema: HMS_DB/PUBLIC
	Autocommit mode: undefined/unknown
	Isolation level: READ_COMMITTED [default READ_COMMITTED]
	JDBC fetch size: 100
	Pool: DataSourceConnectionProvider
	Minimum pool size: undefined/unknown
	Maximum pool size: undefined/unknown
2026-04-04T18:55:36.934+05:30  INFO 96791 --- [backendHospitalManagement] [           main] org.hibernate.orm.core                   : HHH000489: No JTA platform available (set 'hibernate.transaction.jta.platform' to enable JTA platform integration)
2026-04-04T18:55:36.966+05:30  INFO 96791 --- [backendHospitalManagement] [           main] j.LocalContainerEntityManagerFactoryBean : Initialized JPA EntityManagerFactory for persistence unit 'default'
2026-04-04T18:55:37.000+05:30  INFO 96791 --- [backendHospitalManagement] [           main] o.s.d.j.r.query.QueryEnhancerFactories   : Hibernate is in classpath; If applicable, HQL parser will be used.
2026-04-04T18:55:37.112+05:30  WARN 96791 --- [backendHospitalManagement] [           main] JpaBaseConfiguration$JpaWebConfiguration : spring.jpa.open-in-view is enabled by default. Therefore, database queries may be performed during view rendering. Explicitly configure spring.jpa.open-in-view to disable this warning
2026-04-04T18:55:37.137+05:30  WARN 96791 --- [backendHospitalManagement] [           main] .s.a.UserDetailsServiceAutoConfiguration : 

Using generated security password: b455dcd3-c8f9-4c9a-b725-4a03296e2d4e

This generated password is for development use only. Your security configuration must be updated before running your application in production.

2026-04-04T18:55:37.140+05:30  INFO 96791 --- [backendHospitalManagement] [           main] r$InitializeUserDetailsManagerConfigurer : Global AuthenticationManager configured with UserDetailsService bean with name inMemoryUserDetailsManager
2026-04-04T18:55:37.314+05:30  INFO 96791 --- [backendHospitalManagement] [           main] o.s.boot.tomcat.TomcatWebServer          : Tomcat started on port 8080 (http) with context path '/'
2026-04-04T18:55:37.316+05:30  INFO 96791 --- [backendHospitalManagement] [           main] h.b.BackendHospitalManagementApplication : Started BackendHospitalManagementApplication in 1.972 seconds (process running for 2.129)
Datasource URL: jdbc:h2:mem:hms_db
Datasource Driver: H2 JDBC Driver
Dummy user created: admin@hms.local
2026-04-04T18:55:47.800+05:30  INFO 96791 --- [backendHospitalManagement] [nio-8080-exec-1] o.a.c.c.C.[Tomcat].[localhost].[/]       : Initializing Spring DispatcherServlet 'dispatcherServlet'
2026-04-04T18:55:47.800+05:30  INFO 96791 --- [backendHospitalManagement] [nio-8080-exec-1] o.s.web.servlet.DispatcherServlet        : Initializing Servlet 'dispatcherServlet'
2026-04-04T18:55:47.805+05:30  INFO 96791 --- [backendHospitalManagement] [nio-8080-exec-1] o.s.web.servlet.DispatcherServlet        : Completed initialization in 5 ms
2026-04-04T19:00:35.186+05:30  WARN 96791 --- [backendHospitalManagement] [l-1:housekeeper] com.zaxxer.hikari.pool.HikariPool        : HikariPool-1 - Thread starvation or clock leap detected (housekeeper delta=58s561ms).
2026-04-04T19:11:05.305+05:30  WARN 96791 --- [backendHospitalManagement] [l-1:housekeeper] com.zaxxer.hikari.pool.HikariPool        : HikariPool-1 - Thread starvation or clock leap detected (housekeeper delta=10m30s126ms).
2026-04-04T19:18:48.229+05:30  WARN 96791 --- [backendHospitalManagement] [l-1:housekeeper] com.zaxxer.hikari.pool.HikariPool        : HikariPool-1 - Thread starvation or clock leap detected (housekeeper delta=4m12s754ms).
2026-04-04T19:30:30.861+05:30  WARN 96791 --- [backendHospitalManagement] [l-1:housekeeper] com.zaxxer.hikari.pool.HikariPool        : HikariPool-1 - Thread starvation or clock leap detected (housekeeper delta=10m29s985ms).
2026-04-04T19:46:37.924+05:30  WARN 96791 --- [backendHospitalManagement] [l-1:housekeeper] com.zaxxer.hikari.pool.HikariPool        : HikariPool-1 - Thread starvation or clock leap detected (housekeeper delta=15m37s48ms).
2026-04-04T20:01:10.234+05:30  WARN 96791 --- [backendHospitalManagement] [l-1:housekeeper] com.zaxxer.hikari.pool.HikariPool        : HikariPool-1 - Thread starvation or clock leap detected (housekeeper delta=14m2s300ms).
[INFO] ------------------------------------------------------------------------
[INFO] BUILD FAILURE
[INFO] ------------------------------------------------------------------------
[INFO] Total time:  01:08 h
[INFO] Finished at: 2026-04-04T20:03:40+05:30
[INFO] ------------------------------------------------------------------------
[ERROR] Failed to execute goal org.springframework.boot:spring-boot-maven-plugin:4.0.5:run (default-cli) on project backendHospitalManagement: Process terminated with exit code: 137 -> [Help 1]
[ERROR] 
[ERROR] To see the full stack trace of the errors, re-run Maven with the -e switch.
[ERROR] Re-run Maven using the -X switch to enable full debug logging.
[ERROR] 
[ERROR] For more information about the errors and possible solutions, please read the following articles:
[ERROR] [Help 1] http://cwiki.apache.org/confluence/display/MAVEN/MojoExecutionException
